// Jest Snapshot v1, https://goo.gl/fbAQLP

exports[`test PriceList component should render the component to macth snapshow 1`] = `ShallowWrapper {}`;
